mktextfm FandolHei-Regular/OT
mktextfm FandolHei-Regular/OT
mktextfm FandolHei-Regular/OT
mktextfm FandolHei-Regular/BI/OT
mktextfm FandolHei-Regular/OT
mktextfm FandolHei-Regular/B/OT
mktextfm FandolHei-Regular/OT
mktextfm FandolHei-Regular/I/OT
mktextfm FandolHei-Regular/OT
mktextfm FandolHei-Regular/OT
mktextfm FandolHei-Regular/OT
mktextfm FandolFang-Regular/OT
mktextfm FandolFang-Regular/OT
mktextfm FandolFang-Regular/OT
mktextfm FandolFang-Regular/BI/OT
mktextfm FandolFang-Regular/OT
mktextfm FandolFang-Regular/B/OT
mktextfm FandolFang-Regular/OT
mktextfm FandolFang-Regular/I/OT
mktextfm FandolFang-Regular/OT
mktextfm FandolFang-Regular/OT
mktextfm FandolFang-Regular/OT
mktextfm FandolHei-Regular/OT
